Connecting to: localhost:5001
Stopped at tests/debugger/do_dump.js:15
(jerry-debugger) {68: Function(byte_code_cp:0x44, source_name:"tests/debugger/do_dump.js", name:"f4", { Breakpoint(line:32, offset:17, active_index:-1),Breakpoint(line:31, offset:16, active_index:-1) }),
 79: Function(byte_code_cp:0x4f, source_name:"tests/debugger/do_dump.js", name:"f1", { Breakpoint(line:17, offset:21, active_index:-1),Breakpoint(line:27, offset:22, active_index:-1) }),
 102: Function(byte_code_cp:0x66, source_name:"tests/debugger/do_dump.js", name:"f2", { Breakpoint(line:19, offset:14, active_index:-1),Breakpoint(line:21, offset:15, active_index:-1) }),
 105: Function(byte_code_cp:0x69, source_name:"tests/debugger/do_dump.js", name:"foo", { Breakpoint(line:35, offset:22, active_index:-1),Breakpoint(line:37, offset:23, active_index:-1),Breakpoint(line:38, offset:28, active_index:-1),Breakpoint(line:39, offset:33, active_index:-1) }),
 125: Function(byte_code_cp:0x7d, source_name:"tests/debugger/do_dump.js", name:"f3", { Breakpoint(line:22, offset:25, active_index:-1),Breakpoint(line:23, offset:30, active_index:-1) }),
 131: Function(byte_code_cp:0x83, source_name:"tests/debugger/do_dump.js", name:"", { Breakpoint(line:57, offset:63, active_index:-1),Breakpoint(line:42, offset:54, active_index:-1),Breakpoint(line:43, offset:59, active_index:-1),Breakpoint(line:60, offset:68, active_index:-1),Breakpoint(line:15, offset:49, active_index:-1) }),
 154: Function(byte_code_cp:0x9a, source_name:"tests/debugger/do_dump.js", name:"test", { Breakpoint(line:45, offset:28, active_index:-1),Breakpoint(line:47, offset:29, active_index:-1),Breakpoint(line:48, offset:34, active_index:-1),Breakpoint(line:49, offset:38, active_index:-1),Breakpoint(line:50, offset:43, active_index:-1),Breakpoint(line:51, offset:48, active_index:-1),Breakpoint(line:52, offset:54, active_index:-1),Breakpoint(line:53, offset:58, active_index:-1) })}
(jerry-debugger) Connection closed.
