Connecting to: localhost:5001
Stopped at tests/debugger/do_step.js:25
(jerry-debugger) Breakpoint 1 at tests/debugger/do_step.js:25
(jerry-debugger) Stopped at tests/debugger/do_step.js:15 (in f1)
(jerry-debugger) Frame 0: tests/debugger/do_step.js:15 (in f1)
Frame 1: tests/debugger/do_step.js:25
(jerry-debugger) Breakpoint 2 at tests/debugger/do_step.js:26
(jerry-debugger) Stopped at breakpoint:2 tests/debugger/do_step.js:26
(jerry-debugger) Stopped at tests/debugger/do_step.js:20 (in f2)
(jerry-debugger) Frame 0: tests/debugger/do_step.js:20 (in f2)
Frame 1: tests/debugger/do_step.js:26
(jerry-debugger) Connection closed.
